
[1m[30m[46m RUN [49m[39m[22m [36mv4.1.5 [39m[90mC:/Users/reetu/Desktop/Election_Process_Communication[39m

 [32mΓ£ô[39m src/components/Footer.test.jsx [2m([22m[2m4 tests[22m[2m)[22m[32m 251[2mms[22m[39m
 [31mΓ¥»[39m src/pages/Timeline.test.jsx [2m([22m[2m1 test[22m[2m | [22m[31m1 failed[39m[2m)[22m[32m 42[2mms[22m[39m
[31m     [31m├ù[31m renders timeline events[39m[32m 39[2mms[22m[39m
 [31mΓ¥»[39m src/components/Navbar.test.jsx [2m([22m[2m1 test[22m[2m | [22m[31m1 failed[39m[2m)[22m[32m 118[2mms[22m[39m
[31m     [31m├ù[31m renders the logo and navigation links[39m[32m 114[2mms[22m[39m
 [32mΓ£ô[39m src/pages/Resources.test.jsx [2m([22m[2m1 test[22m[2m)[22m[32m 147[2mms[22m[39m
 [31mΓ¥»[39m src/pages/Assistant.test.jsx [2m([22m[2m2 tests[22m[2m | [22m[31m2 failed[39m[2m)[22m[32m 126[2mms[22m[39m
[31m     [31m├ù[31m renders the chat interface and input[39m[32m 103[2mms[22m[39m
[31m     [31m├ù[31m shows error if API key is missing when sending message[39m[32m 13[2mms[22m[39m
 [32mΓ£ô[39m src/pages/Home.test.jsx [2m([22m[2m1 test[22m[2m)[22m[32m 162[2mms[22m[39m
 [32mΓ£ô[39m src/App.test.jsx [2m([22m[2m1 test[22m[2m)[22m[32m 160[2mms[22m[39m

[2m Test Files [22m [1m[31m3 failed[39m[22m[2m | [22m[1m[32m4 passed[39m[22m[90m (7)[39m
[2m      Tests [22m [1m[31m4 failed[39m[22m[2m | [22m[1m[32m7 passed[39m[22m[90m (11)[39m
[2m   Start at [22m 19:57:06
[2m   Duration [22m 3.49s[2m (transform 781ms, setup 1.12s, import 5.05s, tests 1.01s, environment 12.45s)[22m

